// Jest Snapshot v1, https://goo.gl/fbAQLP

exports[`Should render expenseListItem with expenses 1`] = `
<div>
  <Link
    replace={false}
    to="edit/2"
  >
    rent
  </Link>
  <p>
    109500
     - 
    -345600000
  </p>
</div>
`;
