// Jest Snapshot v1, https://goo.gl/fbAQLP

exports[`should render not found page 1`] = `
<div>
  4044! - 
  <Link
    replace={false}
    to="/"
  >
    Go to home
  </Link>
</div>
`;
